0 : Nat
1 : Nat
2 : Nat
3 : Nat
4 : Nat
5 : Nat
6 : Nat
7 : Nat
8 : Nat
9 : Nat
9 : Nat
(10) : Nat
(11) : Nat
(12) : Nat
(13) : Nat
(14) : Nat
(15) : Nat
(16) : Nat
0 : Nat
1 : Nat
2 : Nat
3 : Nat
4 : Nat
5 : Nat
6 : Nat
7 : Nat
8 : Nat
9 : Nat
0b0 : Fin 2
0b1 : Fin 2
0o0 : Fin 8
0o1 : Fin 8
0o2 : Fin 8
0o3 : Fin 8
0o4 : Fin 8
0o5 : Fin 8
0o6 : Fin 8
0o7 : Fin 8
00 : Nat
01 : Nat
02 : Nat
03 : Nat
04 : Nat
05 : Nat
06 : Nat
07 : Nat
08 : Nat
09 : Nat
0x0 : Fin (16)
0x1 : Fin (16)
0x2 : Fin (16)
0x3 : Fin (16)
0x4 : Fin (16)
0x5 : Fin (16)
0x6 : Fin (16)
0x7 : Fin (16)
0x8 : Fin (16)
0x9 : Fin (16)
0xA : Fin (16)
0xA : Fin (16)
0xB : Fin (16)
0xB : Fin (16)
0xB : Fin (16)
0xC : Fin (16)
0xC : Fin (16)
0xD : Fin (16)
0xD : Fin (16)
0xE : Fin (16)
0xE : Fin (16)
0xF : Fin (16)
0xF : Fin (16)
1239 : Nat
067845 : Nat
0b1011 : Nat
0b1011 : Nat
0xAF04 : Nat
0xAF04 : Nat
0o2041 : Nat
0o2041 : Nat
1239
67845
11
44804
1057
ofRadix (16) #[0, 0xF, 1] : Nat
ofRadix 2 #[0b1, 0, 1] : Nat
ofRadix (16) #[0xA, 0, 1] : Nat
ofRadix 8 #[0o4, 0, 1] : Nat
ofRadix 2 #[0b1, 0b0, 0b1] : Nat
ofRadix (16) #[0xA, 0x2, 0xF] : Nat
ofRadix 8 #[0o1, 0o4, 0o7] : Nat
0b101 : Nat
0xA2F : Nat
0o147 : Nat
012 : Nat
